// Jest Snapshot v1, https://goo.gl/fbAQLP

exports[`Widget renders mocks as expected for: Shows loading message... 1`] = `
"<WithSpinner totalCards={0} initialCard={0}>
  <Widget totalCards={0} currentCard={0} onClickBack={[Function]} onClickNext={[Function]} reviews={{...}}>
    <div>
      Loading reviews...
    </div>
  </Widget>
</WithSpinner>"
`;

exports[`Widget renders mocks as expected for: Shows reviews! 1`] = `
"<WithSpinner reviews={{...}} totalCards={15} initialCard={0}>
  <Widget reviews={{...}} totalCards={15} currentCard={0} onClickBack={[Function]} onClickNext={[Function]}>
    <div className=\\"Widget\\">
      <button className=\\"button button_type-back\\" onClick={[Function]}>
        &lt;
      </button>
      <div className=\\"comments\\">
        <span className=\\"positioning\\">
          <Comment review={{...}} size=\\"normal\\">
            <div className=\\"Comment Comment_size-normal\\">
              <div className=\\"header\\">
                <span className=\\"title\\">
                  Simon Lock
                </span>
                <span className=\\"rating\\">
                  <StarFill rating={5} floating={false}>
                    <span className=\\"StarFill\\">
                      <Star index={1} rating={5} size=\\"small\\">
                        <span className=\\"Star\\">
                          <span className=\\"star-block_color-5 star-block_size-small\\">
                            ðŸŸŠ
                          </span>
                        </span>
                      </Star>
                      <Star index={2} rating={5} size=\\"small\\">
                        <span className=\\"Star\\">
                          <span className=\\"star-block_color-5 star-block_size-small\\">
                            ðŸŸŠ
                          </span>
                        </span>
                      </Star>
                      <Star index={3} rating={5} size=\\"small\\">
                        <span className=\\"Star\\">
                          <span className=\\"star-block_color-5 star-block_size-small\\">
                            ðŸŸŠ
                          </span>
                        </span>
                      </Star>
                      <Star index={4} rating={5} size=\\"small\\">
                        <span className=\\"Star\\">
                          <span className=\\"star-block_color-5 star-block_size-small\\">
                            ðŸŸŠ
                          </span>
                        </span>
                      </Star>
                      <Star index={5} rating={5} size=\\"small\\">
                        <span className=\\"Star\\">
                          <span className=\\"star-block_color-5 star-block_size-small\\">
                            ðŸŸŠ
                          </span>
                        </span>
                      </Star>
                    </span>
                  </StarFill>
                </span>
                <div className=\\"sub-title\\">
                  <span>
                    Kolding
                  </span>
                </div>
              </div>
              <div className=\\"body\\">
                <p className=\\"title\\">
                  Super quality.. I will show here again!
                </p>
                <p>
                  Super nice quality, fast devilery, good prices. I will shop here again!
                </p>
              </div>
            </div>
          </Comment>
        </span>
        <span className=\\"positioning\\">
          <Comment review={{...}} size=\\"normal\\">
            <div className=\\"Comment Comment_size-normal\\">
              <div className=\\"header\\">
                <span className=\\"title\\">
                  Gav
                </span>
                <span className=\\"rating\\">
                  <StarFill rating={4} floating={false}>
                    <span className=\\"StarFill\\">
                      <Star index={1} rating={4} size=\\"small\\">
                        <span className=\\"Star\\">
                          <span className=\\"star-block_color-4 star-block_size-small\\">
                            ðŸŸŠ
                          </span>
                        </span>
                      </Star>
                      <Star index={2} rating={4} size=\\"small\\">
                        <span className=\\"Star\\">
                          <span className=\\"star-block_color-4 star-block_size-small\\">
                            ðŸŸŠ
                          </span>
                        </span>
                      </Star>
                      <Star index={3} rating={4} size=\\"small\\">
                        <span className=\\"Star\\">
                          <span className=\\"star-block_color-4 star-block_size-small\\">
                            ðŸŸŠ
                          </span>
                        </span>
                      </Star>
                      <Star index={4} rating={4} size=\\"small\\">
                        <span className=\\"Star\\">
                          <span className=\\"star-block_color-4 star-block_size-small\\">
                            ðŸŸŠ
                          </span>
                        </span>
                      </Star>
                      <Star index={5} rating={4} size=\\"small\\">
                        <span className=\\"Star\\">
                          <span className=\\"star-block_color-0 star-block_size-small\\">
                            ðŸŸŠ
                          </span>
                        </span>
                      </Star>
                    </span>
                  </StarFill>
                </span>
                <div className=\\"sub-title\\">
                  <span />
                </div>
              </div>
              <div className=\\"body\\">
                <p className=\\"title\\">
                  Princely Sum
                </p>
                <p>
                  A decent local curry house in Faversham, Kent known for its Elvis nights.
                </p>
              </div>
            </div>
          </Comment>
        </span>
        <span className=\\"positioning\\">
          <Comment review={{...}} size=\\"normal\\">
            <div className=\\"Comment Comment_size-normal\\">
              <div className=\\"header\\">
                <span className=\\"title\\">
                  Justin Wright
                </span>
                <span className=\\"rating\\">
                  <StarFill rating={3} floating={false}>
                    <span className=\\"StarFill\\">
                      <Star index={1} rating={3} size=\\"small\\">
                        <span className=\\"Star\\">
                          <span className=\\"star-block_color-3 star-block_size-small\\">
                            ðŸŸŠ
                          </span>
                        </span>
                      </Star>
                      <Star index={2} rating={3} size=\\"small\\">
                        <span className=\\"Star\\">
                          <span className=\\"star-block_color-3 star-block_size-small\\">
                            ðŸŸŠ
                          </span>
                        </span>
                      </Star>
                      <Star index={3} rating={3} size=\\"small\\">
                        <span className=\\"Star\\">
                          <span className=\\"star-block_color-3 star-block_size-small\\">
                            ðŸŸŠ
                          </span>
                        </span>
                      </Star>
                      <Star index={4} rating={3} size=\\"small\\">
                        <span className=\\"Star\\">
                          <span className=\\"star-block_color-0 star-block_size-small\\">
                            ðŸŸŠ
                          </span>
                        </span>
                      </Star>
                      <Star index={5} rating={3} size=\\"small\\">
                        <span className=\\"Star\\">
                          <span className=\\"star-block_color-0 star-block_size-small\\">
                            ðŸŸŠ
                          </span>
                        </span>
                      </Star>
                    </span>
                  </StarFill>
                </span>
                <div className=\\"sub-title\\">
                  <span>
                    London, GB
                  </span>
                </div>
              </div>
              <div className=\\"body\\">
                <p className=\\"title\\">
                  Good Services
                </p>
                <p>
                  A decent place to introduce your taste buds to fiery Indian fare
                </p>
              </div>
            </div>
          </Comment>
        </span>
        <span className=\\"positioning\\">
          <Comment review={{...}} size=\\"normal\\">
            <div className=\\"Comment Comment_size-normal\\">
              <div className=\\"header\\">
                <span className=\\"title\\">
                  Erika Wolfe
                </span>
                <span className=\\"rating\\">
                  <StarFill rating={2} floating={false}>
                    <span className=\\"StarFill\\">
                      <Star index={1} rating={2} size=\\"small\\">
                        <span className=\\"Star\\">
                          <span className=\\"star-block_color-2 star-block_size-small\\">
                            ðŸŸŠ
                          </span>
                        </span>
                      </Star>
                      <Star index={2} rating={2} size=\\"small\\">
                        <span className=\\"Star\\">
                          <span className=\\"star-block_color-2 star-block_size-small\\">
                            ðŸŸŠ
                          </span>
                        </span>
                      </Star>
                      <Star index={3} rating={2} size=\\"small\\">
                        <span className=\\"Star\\">
                          <span className=\\"star-block_color-0 star-block_size-small\\">
                            ðŸŸŠ
                          </span>
                        </span>
                      </Star>
                      <Star index={4} rating={2} size=\\"small\\">
                        <span className=\\"Star\\">
                          <span className=\\"star-block_color-0 star-block_size-small\\">
                            ðŸŸŠ
                          </span>
                        </span>
                      </Star>
                      <Star index={5} rating={2} size=\\"small\\">
                        <span className=\\"Star\\">
                          <span className=\\"star-block_color-0 star-block_size-small\\">
                            ðŸŸŠ
                          </span>
                        </span>
                      </Star>
                    </span>
                  </StarFill>
                </span>
                <div className=\\"sub-title\\">
                  <span>
                    Gothenburg, SE
                  </span>
                </div>
              </div>
              <div className=\\"body\\">
                <p className=\\"title\\">
                  Nightmare experience - no product, no communication, no refund; improved by rapid resolution
                </p>
                <p>
                  In early 2012, I ordered a set of chairs from Infurn. I thought that by ordering in March, I would have what I needed by November, certainly. I wanted the perfect chairs for my house, and really did not NEED them before the annual Thanksgiving dinner (the only time of year I have a need for a whole lot of chairs at one time). I played it safe, I thought, by ordering so far in advance.
                  Week after week,
                  month after month,
                  Infurn &#39;s website kept updating the status of the order so that the chairs&#39;
                  arrival would be further and further in the distant future.Finally when the week of Thanksgiving arrived,
                  and I had had contact with their customer service in early November(and their only clueless reply was to say, &#39;We had manufacturing problems; let&#39;
                  s hope the chairs arrive this week as scheduled.
                  &#39;), I still had no chairs, had to go out and buy some other chairs and still had no clue when the Infurn chairs might arrive.
                  At some point I
                  finally just requested a refund because Infurn could neither deliver my chairs nor give me a solid date about when I might receive them when I inquired about a delivery date.They
                  finally offered me a refund - which I accepted on 14 December 2012. 
                </p>
              </div>
            </div>
          </Comment>
        </span>
        <span className=\\"positioning\\">
          <Comment review={{...}} size=\\"normal\\">
            <div className=\\"Comment Comment_size-normal\\">
              <div className=\\"header\\">
                <span className=\\"title\\">
                  Hugo Beja
                </span>
                <span className=\\"rating\\">
                  <StarFill rating={1} floating={false}>
                    <span className=\\"StarFill\\">
                      <Star index={1} rating={1} size=\\"small\\">
                        <span className=\\"Star\\">
                          <span className=\\"star-block_color-1 star-block_size-small\\">
                            ðŸŸŠ
                          </span>
                        </span>
                      </Star>
                      <Star index={2} rating={1} size=\\"small\\">
                        <span className=\\"Star\\">
                          <span className=\\"star-block_color-0 star-block_size-small\\">
                            ðŸŸŠ
                          </span>
                        </span>
                      </Star>
                      <Star index={3} rating={1} size=\\"small\\">
                        <span className=\\"Star\\">
                          <span className=\\"star-block_color-0 star-block_size-small\\">
                            ðŸŸŠ
                          </span>
                        </span>
                      </Star>
                      <Star index={4} rating={1} size=\\"small\\">
                        <span className=\\"Star\\">
                          <span className=\\"star-block_color-0 star-block_size-small\\">
                            ðŸŸŠ
                          </span>
                        </span>
                      </Star>
                      <Star index={5} rating={1} size=\\"small\\">
                        <span className=\\"Star\\">
                          <span className=\\"star-block_color-0 star-block_size-small\\">
                            ðŸŸŠ
                          </span>
                        </span>
                      </Star>
                    </span>
                  </StarFill>
                </span>
                <div className=\\"sub-title\\">
                  <span>
                    Praia Da Barra, PT
                  </span>
                </div>
              </div>
              <div className=\\"body\\">
                <p className=\\"title\\">
                  FRAUD
                </p>
                <p>
                  I&#39;ve been patiently waiting for a miracle to happen with our order AU-316084, 12 Chairs!! First the delays, lots and lots of delays with no apparent reason... after they send just 1/2 of the order and say it&#39;s all... So we bought &#39;Pairs&#39; of chairs... we paid for 5 PAIRS and received 5 chairs!!! The other 2, the rocket chairs we never receive....
                  Communication ZERO,
                  they simply ignore the e - mails...when they did respond they asked us to prove our order to be pairs!!!LOL and just stopped communicating...their website is constantly down...probably to make lose interest and rest your forces to recover what you paid
                  for !!
                </p>
              </div>
            </div>
          </Comment>
        </span>
      </div>
      <button className=\\"button button_type-next\\" onClick={[Function]}>
        &gt;
      </button>
      <div className=\\"logo\\">
        <img alt=\\"â˜‘ Trustpilot\\" src=\\"/logo/255x29.png\\" />
      </div>
      <div className=\\"stars\\">
        <StarFill floating={true} rating={3}>
          <span className=\\"StarFill-floating\\">
            <span className=\\"positioning\\">
              <Star index={1} rating={3} size=\\"big\\">
                <span className=\\"Star\\">
                  <span className=\\"star-block_color-3 star-block_size-big\\">
                    ðŸŸŠ
                  </span>
                </span>
              </Star>
            </span>
            <span className=\\"positioning\\">
              <Star index={2} rating={3} size=\\"big\\">
                <span className=\\"Star\\">
                  <span className=\\"star-block_color-3 star-block_size-big\\">
                    ðŸŸŠ
                  </span>
                </span>
              </Star>
            </span>
            <span className=\\"positioning\\">
              <Star index={3} rating={3} size=\\"big\\">
                <span className=\\"Star\\">
                  <span className=\\"star-block_color-3 star-block_size-big\\">
                    ðŸŸŠ
                  </span>
                </span>
              </Star>
            </span>
            <span className=\\"positioning\\">
              <Star index={4} rating={3} size=\\"big\\">
                <span className=\\"Star\\">
                  <span className=\\"star-block_color-0 star-block_size-big\\">
                    ðŸŸŠ
                  </span>
                </span>
              </Star>
            </span>
            <span className=\\"positioning\\">
              <Star index={5} rating={3} size=\\"big\\">
                <span className=\\"Star\\">
                  <span className=\\"star-block_color-0 star-block_size-big\\">
                    ðŸŸŠ
                  </span>
                </span>
              </Star>
            </span>
          </span>
        </StarFill>
      </div>
    </div>
  </Widget>
</WithSpinner>"
`;
